[300.123s][info][gc] GC(1) Pause Young (Allocation Failure) 89M->68M(128M) 7.234ms
[302.456s][info][gc] GC(2) Pause Young (Allocation Failure) 92M->71M(128M) 8.901ms
[304.789s][info][gc] GC(3) Pause Young (Allocation Failure) 95M->69M(128M) 6.543ms
[307.012s][info][gc] GC(4) Pause Young (Allocation Failure) 93M->72M(128M) 9.123ms
[309.345s][info][gc] GC(5) Pause Young (Allocation Failure) 96M->70M(128M) 7.654ms
[311.678s][info][gc] GC(6) Pause Young (Allocation Failure) 94M->73M(128M) 8.432ms
[313.901s][info][gc] GC(7) Pause Young (Allocation Failure) 97M->71M(128M) 7.890ms
[316.234s][info][gc] GC(8) Pause Young (Allocation Failure) 95M->74M(128M) 9.012ms
[318.567s][info][gc] GC(9) Pause Young (Allocation Failure) 98M->72M(128M) 6.789ms
[320.890s][info][gc] GC(10) Pause Young (Allocation Failure) 96M->75M(128M) 8.345ms
[323.123s][info][gc] GC(11) Pause Young (Allocation Failure) 99M->73M(128M) 7.123ms
[325.456s][info][gc] GC(12) Pause Young (Allocation Failure) 97M->76M(128M) 9.234ms
[327.789s][info][gc] GC(13) Pause Young (Allocation Failure) 100M->74M(128M) 8.567ms
[330.012s][info][gc] GC(14) Pause Young (Allocation Failure) 98M->77M(128M) 7.432ms
[332.345s][info][gc] GC(15) Pause Young (Allocation Failure) 101M->75M(128M) 6.901ms
[334.678s][info][gc] GC(16) Pause Young (Allocation Failure) 99M->78M(128M) 8.789ms
[336.901s][info][gc] GC(17) Pause Young (Allocation Failure) 102M->76M(128M) 9.345ms
[339.234s][info][gc] GC(18) Pause Young (Allocation Failure) 100M->79M(128M) 7.567ms
[341.567s][info][gc] GC(19) Pause Young (Allocation Failure) 103M->77M(128M) 8.012ms
[343.890s][info][gc] GC(20) Pause Young (Allocation Failure) 101M->80M(128M) 6.678ms
[346.123s][info][gc] GC(21) Pause Young (Allocation Failure) 104M->78M(128M) 9.456ms
[348.456s][info][gc] GC(22) Pause Young (Allocation Failure) 102M->81M(128M) 7.789ms
[350.789s][info][gc] GC(23) Pause Young (Allocation Failure) 105M->79M(128M) 8.123ms
[353.012s][info][gc] GC(24) Pause Young (Allocation Failure) 103M->82M(128M) 6.456ms
[355.345s][info][gc] GC(25) Pause Young (Allocation Failure) 106M->80M(128M) 9.012ms
[357.678s][info][gc] GC(26) Pause Young (Allocation Failure) 104M->83M(128M) 7.345ms
[359.901s][info][gc] GC(27) Pause Young (Allocation Failure) 107M->81M(128M) 8.678ms
[362.234s][info][gc] GC(28) Pause Young (Allocation Failure) 105M->84M(128M) 6.234ms
[364.567s][info][gc] GC(29) Pause Young (Allocation Failure) 108M->82M(128M) 9.567ms
[366.890s][info][gc] GC(30) Pause Young (Allocation Failure) 106M->85M(128M) 7.890ms
[369.123s][info][gc] GC(31) Pause Young (Allocation Failure) 109M->83M(128M) 8.234ms
[371.456s][info][gc] GC(32) Pause Young (Allocation Failure) 107M->86M(128M) 6.567ms
[373.789s][info][gc] GC(33) Pause Young (Allocation Failure) 110M->84M(128M) 9.123ms
[376.012s][info][gc] GC(34) Pause Young (Allocation Failure) 108M->87M(128M) 7.456ms
[378.345s][info][gc] GC(35) Pause Young (Allocation Failure) 111M->85M(128M) 8.789ms
[380.678s][info][gc] GC(36) Pause Young (Allocation Failure) 109M->88M(128M) 6.012ms
[382.901s][info][gc] GC(37) Pause Young (Allocation Failure) 112M->86M(128M) 9.345ms
[385.234s][info][gc] GC(38) Pause Young (Allocation Failure) 110M->89M(128M) 7.678ms
[387.567s][info][gc] GC(39) Pause Young (Allocation Failure) 113M->87M(128M) 8.901ms
[389.890s][info][gc] GC(40) Pause Young (Allocation Failure) 111M->90M(128M) 6.345ms
[392.123s][info][gc] GC(41) Pause Young (Allocation Failure) 114M->88M(128M) 9.234ms
[394.456s][info][gc] GC(42) Pause Young (Allocation Failure) 112M->91M(128M) 7.567ms
[396.789s][info][gc] GC(43) Pause Young (Allocation Failure) 115M->89M(128M) 8.012ms
[399.012s][info][gc] GC(44) Pause Young (Allocation Failure) 113M->92M(128M) 6.789ms
[401.345s][info][gc] GC(45) Pause Young (Allocation Failure) 116M->90M(128M) 9.456ms
[403.678s][info][gc] GC(46) Pause Young (Allocation Failure) 114M->93M(128M) 7.123ms
[405.901s][info][gc] GC(47) Pause Young (Allocation Failure) 117M->91M(128M) 8.345ms
[408.234s][info][gc] GC(48) Pause Young (Allocation Failure) 115M->94M(128M) 6.678ms
[410.567s][info][gc] GC(49) Pause Young (Allocation Failure) 118M->92M(128M) 9.012ms
[412.890s][info][gc] GC(50) Pause Young (Allocation Failure) 116M->95M(128M) 7.890ms
[415.123s][info][gc] GC(51) Pause Young (Allocation Failure) 119M->93M(128M) 8.567ms
[417.456s][info][gc] GC(52) Pause Young (Allocation Failure) 117M->96M(128M) 6.234ms
[419.789s][info][gc] GC(53) Pause Young (Allocation Failure) 120M->94M(128M) 9.345ms
[422.012s][info][gc] GC(54) Pause Young (Allocation Failure) 118M->92M(128M) 7.456ms
[424.345s][info][gc] GC(55) Pause Young (Allocation Failure) 116M->90M(128M) 8.123ms
[426.678s][info][gc] GC(56) Pause Young (Allocation Failure) 114M->88M(128M) 6.901ms
[428.901s][info][gc] GC(57) Pause Young (Allocation Failure) 112M->86M(128M) 9.234ms
[431.234s][info][gc] GC(58) Pause Young (Allocation Failure) 110M->84M(128M) 7.567ms
[433.567s][info][gc] GC(59) Pause Young (Allocation Failure) 108M->82M(128M) 8.456ms
[435.890s][info][gc] GC(60) Pause Young (Allocation Failure) 106M->80M(128M) 6.789ms
[438.123s][info][gc] GC(61) Pause Young (Allocation Failure) 104M->78M(128M) 9.012ms
[440.456s][info][gc] GC(62) Pause Young (Allocation Failure) 102M->76M(128M) 7.345ms
[442.789s][info][gc] GC(63) Pause Young (Allocation Failure) 100M->74M(128M) 8.678ms
[445.012s][info][gc] GC(64) Pause Young (Allocation Failure) 98M->72M(128M) 6.123ms
[447.345s][info][gc] GC(65) Pause Young (Allocation Failure) 96M->70M(128M) 9.456ms
[449.678s][info][gc] GC(66) Pause Young (Allocation Failure) 94M->68M(128M) 7.890ms
[451.901s][info][gc] GC(67) Pause Young (Allocation Failure) 92M->71M(128M) 8.234ms
[454.234s][info][gc] GC(68) Pause Young (Allocation Failure) 95M->73M(128M) 6.567ms
[456.567s][info][gc] GC(69) Pause Young (Allocation Failure) 97M->75M(128M) 9.123ms
[458.890s][info][gc] GC(70) Pause Young (Allocation Failure) 99M->77M(128M) 7.456ms
[461.123s][info][gc] GC(71) Pause Young (Allocation Failure) 101M->79M(128M) 8.789ms
[463.456s][info][gc] GC(72) Pause Young (Allocation Failure) 103M->81M(128M) 6.012ms
[465.789s][info][gc] GC(73) Pause Young (Allocation Failure) 105M->83M(128M) 9.345ms
[468.012s][info][gc] GC(74) Pause Young (Allocation Failure) 107M->85M(128M) 7.678ms
[470.345s][info][gc] GC(75) Pause Young (Allocation Failure) 109M->87M(128M) 8.901ms
[472.678s][info][gc] GC(76) Pause Young (Allocation Failure) 111M->89M(128M) 6.345ms
[474.901s][info][gc] GC(77) Pause Young (Allocation Failure) 113M->91M(128M) 9.234ms
[477.234s][info][gc] GC(78) Pause Young (Allocation Failure) 115M->93M(128M) 7.567ms
[479.567s][info][gc] GC(79) Pause Young (Allocation Failure) 117M->90M(128M) 8.012ms
[481.890s][info][gc] GC(80) Pause Young (Allocation Failure) 114M->88M(128M) 6.789ms
[484.123s][info][gc] GC(81) Pause Young (Allocation Failure) 112M->86M(128M) 9.456ms
[486.456s][info][gc] GC(82) Pause Young (Allocation Failure) 110M->84M(128M) 7.123ms
[488.789s][info][gc] GC(83) Pause Young (Allocation Failure) 108M->82M(128M) 8.345ms
[491.012s][info][gc] GC(84) Pause Young (Allocation Failure) 106M->80M(128M) 6.678ms
[493.345s][info][gc] GC(85) Pause Young (Allocation Failure) 104M->78M(128M) 9.012ms
[495.678s][info][gc] GC(86) Pause Young (Allocation Failure) 102M->76M(128M) 7.890ms
[497.901s][info][gc] GC(87) Pause Young (Allocation Failure) 100M->74M(128M) 8.567ms
[500.234s][info][gc] GC(88) Pause Young (Allocation Failure) 98M->72M(128M) 6.234ms
[502.567s][info][gc] GC(89) Pause Young (Allocation Failure) 96M->70M(128M) 9.345ms
[504.890s][info][gc] GC(90) Pause Young (Allocation Failure) 94M->73M(128M) 7.456ms
[507.123s][info][gc] GC(91) Pause Young (Allocation Failure) 97M->75M(128M) 8.123ms
[509.456s][info][gc] GC(92) Pause Young (Allocation Failure) 99M->77M(128M) 6.901ms
[511.789s][info][gc] GC(93) Pause Young (Allocation Failure) 101M->79M(128M) 9.234ms
[514.012s][info][gc] GC(94) Pause Young (Allocation Failure) 103M->81M(128M) 7.567ms
[516.345s][info][gc] GC(95) Pause Young (Allocation Failure) 105M->83M(128M) 8.456ms
[518.678s][info][gc] GC(96) Pause Young (Allocation Failure) 107M->85M(128M) 6.789ms
[520.901s][info][gc] GC(97) Pause Young (Allocation Failure) 109M->87M(128M) 9.012ms
[523.234s][info][gc] GC(98) Pause Young (Allocation Failure) 111M->89M(128M) 7.345ms
[525.567s][info][gc] GC(99) Pause Young (Allocation Failure) 113M->91M(128M) 8.678ms
[527.890s][info][gc] GC(100) Pause Young (Allocation Failure) 115M->93M(128M) 6.123ms
[530.123s][info][gc] GC(101) Pause Young (Allocation Failure) 117M->90M(128M) 9.456ms
[532.456s][info][gc] GC(102) Pause Young (Allocation Failure) 114M->88M(128M) 7.890ms
[534.789s][info][gc] GC(103) Pause Young (Allocation Failure) 112M->86M(128M) 8.234ms
[537.012s][info][gc] GC(104) Pause Young (Allocation Failure) 110M->84M(128M) 6.567ms
[539.345s][info][gc] GC(105) Pause Young (Allocation Failure) 108M->82M(128M) 9.123ms
[541.678s][info][gc] GC(106) Pause Young (Allocation Failure) 106M->80M(128M) 7.456ms
[543.901s][info][gc] GC(107) Pause Young (Allocation Failure) 104M->78M(128M) 8.789ms
[546.234s][info][gc] GC(108) Pause Young (Allocation Failure) 102M->76M(128M) 6.012ms
[548.567s][info][gc] GC(109) Pause Young (Allocation Failure) 100M->74M(128M) 9.345ms
[550.890s][info][gc] GC(110) Pause Young (Allocation Failure) 98M->72M(128M) 7.678ms
[553.123s][info][gc] GC(111) Pause Young (Allocation Failure) 96M->70M(128M) 8.901ms
[555.456s][info][gc] GC(112) Pause Young (Allocation Failure) 94M->73M(128M) 6.345ms
[557.789s][info][gc] GC(113) Pause Young (Allocation Failure) 97M->75M(128M) 9.234ms
[560.012s][info][gc] GC(114) Pause Young (Allocation Failure) 99M->77M(128M) 7.567ms
[562.345s][info][gc] GC(115) Pause Young (Allocation Failure) 101M->79M(128M) 8.012ms
[564.678s][info][gc] GC(116) Pause Young (Allocation Failure) 103M->81M(128M) 6.789ms
[566.901s][info][gc] GC(117) Pause Young (Allocation Failure) 105M->83M(128M) 9.456ms
[569.234s][info][gc] GC(118) Pause Young (Allocation Failure) 107M->85M(128M) 7.123ms
[571.567s][info][gc] GC(119) Pause Young (Allocation Failure) 109M->87M(128M) 8.345ms
[573.890s][info][gc] GC(120) Pause Young (Allocation Failure) 111M->89M(128M) 6.678ms
[576.123s][info][gc] GC(121) Pause Young (Allocation Failure) 113M->91M(128M) 9.012ms
[578.456s][info][gc] GC(122) Pause Young (Allocation Failure) 115M->93M(128M) 7.890ms
[580.789s][info][gc] GC(123) Pause Young (Allocation Failure) 117M->90M(128M) 8.567ms
[583.012s][info][gc] GC(124) Pause Young (Allocation Failure) 114M->88M(128M) 6.234ms
[585.345s][info][gc] GC(125) Pause Young (Allocation Failure) 112M->86M(128M) 9.345ms
[587.678s][info][gc] GC(126) Pause Young (Allocation Failure) 110M->84M(128M) 7.456ms
[589.901s][info][gc] GC(127) Pause Young (Allocation Failure) 108M->82M(128M) 8.123ms
[592.234s][info][gc] GC(128) Pause Young (Allocation Failure) 106M->80M(128M) 6.901ms
[594.567s][info][gc] GC(129) Pause Young (Allocation Failure) 104M->78M(128M) 9.234ms
[596.890s][info][gc] GC(130) Pause Young (Allocation Failure) 102M->76M(128M) 7.567ms
[599.123s][info][gc] GC(131) Pause Young (Allocation Failure) 100M->74M(128M) 8.456ms
[601.456s][info][gc] GC(132) Pause Young (Allocation Failure) 98M->72M(128M) 6.789ms
[603.789s][info][gc] GC(133) Pause Young (Allocation Failure) 96M->70M(128M) 9.012ms
[606.012s][info][gc] GC(134) Pause Young (Allocation Failure) 94M->73M(128M) 7.345ms
[608.345s][info][gc] GC(135) Pause Young (Allocation Failure) 97M->75M(128M) 8.678ms
[610.678s][info][gc] GC(136) Pause Young (Allocation Failure) 99M->77M(128M) 6.123ms
[612.901s][info][gc] GC(137) Pause Young (Allocation Failure) 101M->79M(128M) 9.456ms
[615.234s][info][gc] GC(138) Pause Young (Allocation Failure) 103M->81M(128M) 7.890ms
[617.567s][info][gc] GC(139) Pause Young (Allocation Failure) 105M->83M(128M) 8.234ms
[619.890s][info][gc] GC(140) Pause Young (Allocation Failure) 107M->85M(128M) 6.567ms
[622.123s][info][gc] GC(141) Pause Young (Allocation Failure) 109M->87M(128M) 9.123ms
[624.456s][info][gc] GC(142) Pause Young (Allocation Failure) 111M->89M(128M) 7.456ms
[626.789s][info][gc] GC(143) Pause Young (Allocation Failure) 113M->91M(128M) 8.789ms
[629.012s][info][gc] GC(144) Pause Young (Allocation Failure) 115M->93M(128M) 6.012ms
[631.345s][info][gc] GC(145) Pause Young (Allocation Failure) 117M->90M(128M) 9.345ms
[633.678s][info][gc] GC(146) Pause Young (Allocation Failure) 114M->88M(128M) 7.678ms
[635.901s][info][gc] GC(147) Pause Young (Allocation Failure) 112M->86M(128M) 8.901ms
[638.234s][info][gc] GC(148) Pause Young (Allocation Failure) 110M->84M(128M) 6.345ms
[640.567s][info][gc] GC(149) Pause Young (Allocation Failure) 108M->82M(128M) 9.234ms
[642.890s][info][gc] GC(150) Pause Young (Allocation Failure) 106M->80M(128M) 7.567ms
[645.123s][info][gc] GC(151) Pause Young (Allocation Failure) 104M->78M(128M) 8.012ms
[647.456s][info][gc] GC(152) Pause Young (Allocation Failure) 102M->76M(128M) 6.789ms
[649.789s][info][gc] GC(153) Pause Young (Allocation Failure) 100M->74M(128M) 9.456ms
[652.012s][info][gc] GC(154) Pause Young (Allocation Failure) 98M->72M(128M) 7.123ms
[654.345s][info][gc] GC(155) Pause Young (Allocation Failure) 96M->70M(128M) 8.345ms
[656.678s][info][gc] GC(156) Pause Young (Allocation Failure) 94M->73M(128M) 6.678ms
[658.901s][info][gc] GC(157) Pause Young (Allocation Failure) 97M->75M(128M) 9.012ms
[661.234s][info][gc] GC(158) Pause Young (Allocation Failure) 99M->77M(128M) 7.890ms
[663.567s][info][gc] GC(159) Pause Young (Allocation Failure) 101M->79M(128M) 8.567ms
[665.890s][info][gc] GC(160) Pause Young (Allocation Failure) 103M->81M(128M) 6.234ms
[668.123s][info][gc] GC(161) Pause Young (Allocation Failure) 105M->83M(128M) 9.345ms
[670.456s][info][gc] GC(162) Pause Young (Allocation Failure) 107M->85M(128M) 7.456ms
[672.789s][info][gc] GC(163) Pause Young (Allocation Failure) 109M->87M(128M) 8.123ms
[675.012s][info][gc] GC(164) Pause Young (Allocation Failure) 111M->89M(128M) 6.901ms
[677.345s][info][gc] GC(165) Pause Young (Allocation Failure) 113M->91M(128M) 9.234ms
[679.678s][info][gc] GC(166) Pause Young (Allocation Failure) 115M->93M(128M) 7.567ms
[681.901s][info][gc] GC(167) Pause Young (Allocation Failure) 117M->90M(128M) 8.456ms
[684.234s][info][gc] GC(168) Pause Young (Allocation Failure) 114M->88M(128M) 6.789ms
[686.567s][info][gc] GC(169) Pause Young (Allocation Failure) 112M->86M(128M) 9.012ms
[688.890s][info][gc] GC(170) Pause Young (Allocation Failure) 110M->84M(128M) 7.345ms
[691.123s][info][gc] GC(171) Pause Young (Allocation Failure) 108M->82M(128M) 8.678ms
[693.456s][info][gc] GC(172) Pause Young (Allocation Failure) 106M->80M(128M) 6.123ms
[695.789s][info][gc] GC(173) Pause Young (Allocation Failure) 104M->78M(128M) 9.456ms
[698.012s][info][gc] GC(174) Pause Young (Allocation Failure) 102M->76M(128M) 7.890ms
[700.345s][info][gc] GC(175) Pause Young (Allocation Failure) 100M->74M(128M) 8.234ms
[702.678s][info][gc] GC(176) Pause Young (Allocation Failure) 98M->72M(128M) 6.567ms
[704.901s][info][gc] GC(177) Pause Young (Allocation Failure) 96M->70M(128M) 9.123ms
[707.234s][info][gc] GC(178) Pause Young (Allocation Failure) 94M->73M(128M) 7.456ms
[709.567s][info][gc] GC(179) Pause Young (Allocation Failure) 97M->75M(128M) 8.789ms
[711.890s][info][gc] GC(180) Pause Young (Allocation Failure) 99M->77M(128M) 6.012ms