[1200.123s][info][gc] GC(145) Pause Young (Allocation Failure) 110M->95M(128M) 32.145ms
[1200.456s][info][gc] GC(146) Pause Young (Allocation Failure) 115M->98M(128M) 38.234ms
[1200.789s][info][gc] GC(147) Pause Young (Allocation Failure) 118M->102M(128M) 41.567ms
[1201.023s][info][gc] GC(148) Pause Young (Allocation Failure) 122M->108M(128M) 45.891ms
[1201.345s][info][gc] GC(149) Pause Young (Allocation Failure) 125M->112M(128M) 52.334ms
[1201.678s][info][gc] GC(150) Pause Young (Allocation Failure) 127M->115M(128M) 58.445ms
[1202.012s][info][gc] GC(151) Pause Young (Allocation Failure) 128M->118M(128M) 63.778ms
[1202.389s][info][gc] GC(152) Pause Young (Allocation Failure) 128M->120M(128M) 68.223ms
[1202.734s][info][gc] GC(153) Pause Young (Allocation Failure) 128M->121M(128M) 72.556ms
[1203.145s][info][gc] GC(154) Pause Young (Allocation Failure) 128M->122M(128M) 75.889ms
[1203.567s][info][gc] GC(155) Pause Full (Ergonomics) 122M->98M(128M) 312.445ms
[1204.234s][info][gc] GC(156) Pause Young (Allocation Failure) 118M->105M(128M) 44.223ms
[1204.567s][info][gc] GC(157) Pause Young (Allocation Failure) 125M->112M(128M) 49.667ms
[1204.890s][info][gc] GC(158) Pause Young (Allocation Failure) 127M->115M(128M) 54.112ms
[1205.223s][info][gc] GC(159) Pause Young (Allocation Failure) 128M->118M(128M) 61.445ms
[1205.556s][info][gc] GC(160) Pause Young (Allocation Failure) 128M->120M(128M) 67.889ms
[1205.901s][info][gc] GC(161) Pause Young (Allocation Failure) 128M->122M(128M) 71.234ms
[1206.267s][info][gc] GC(162) Pause Young (Allocation Failure) 128M->123M(128M) 76.556ms
[1206.689s][info][gc] GC(163) Pause Full (Allocation Failure) 123M->102M(128M) 387.778ms
[1207.456s][info][gc] GC(164) Pause Young (Allocation Failure) 122M->108M(128M) 46.889ms
[1207.789s][info][gc] GC(165) Pause Young (Allocation Failure) 126M->113M(128M) 51.223ms
[1208.123s][info][gc] GC(166) Pause Young (Allocation Failure) 128M->116M(128M) 56.667ms
[1208.456s][info][gc] GC(167) Pause Young (Allocation Failure) 128M->119M(128M) 62.112ms
[1208.789s][info][gc] GC(168) Pause Young (Allocation Failure) 128M->121M(128M) 69.445ms
[1209.134s][info][gc] GC(169) Pause Young (Allocation Failure) 128M->123M(128M) 74.889ms
[1209.512s][info][gc] GC(170) Pause Young (Allocation Failure) 128M->124M(128M) 78.223ms
[1209.923s][info][gc] GC(171) Pause Full (Ergonomics) 124M->105M(128M) 425.667ms
[1210.678s][info][gc] GC(172) Pause Young (Allocation Failure) 125M->111M(128M) 48.334ms
[1211.012s][info][gc] GC(173) Pause Young (Allocation Failure) 127M->115M(128M) 53.778ms
[1211.345s][info][gc] GC(174) Pause Young (Allocation Failure) 128M->118M(128M) 59.112ms
[1211.678s][info][gc] GC(175) Pause Young (Allocation Failure) 128M->120M(128M) 65.445ms
[1212.023s][info][gc] GC(176) Pause Young (Allocation Failure) 128M->122M(128M) 70.889ms
[1212.389s][info][gc] GC(177) Pause Young (Allocation Failure) 128M->124M(128M) 76.223ms
[1212.778s][info][gc] GC(178) Pause Young (Allocation Failure) 128M->125M(128M) 79.556ms
[1213.201s][info][gc] GC(179) Pause Full (Allocation Failure) 125M->107M(128M) 468.889ms
[1214.012s][info][gc] GC(180) Pause Young (Allocation Failure) 127M->113M(128M) 50.667ms
[1214.345s][info][gc] GC(181) Pause Young (Allocation Failure) 128M->117M(128M) 56.112ms
[1214.678s][info][gc] GC(182) Pause Young (Allocation Failure) 128M->120M(128M) 62.445ms
[1215.012s][info][gc] GC(183) Pause Young (Allocation Failure) 128M->122M(128M) 68.889ms
[1215.367s][info][gc] GC(184) Pause Young (Allocation Failure) 128M->124M(128M) 73.223ms
[1215.745s][info][gc] GC(185) Pause Young (Allocation Failure) 128M->125M(128M) 77.556ms
[1216.156s][info][gc] GC(186) Pause Full (Ergonomics) 125M->108M(128M) 502.334ms
[1216.934s][info][gc] GC(187) Pause Young (Allocation Failure) 128M->114M(128M) 52.778ms
[1217.267s][info][gc] GC(188) Pause Young (Allocation Failure) 128M->118M(128M) 58.112ms
[1217.601s][info][gc] GC(189) Pause Young (Allocation Failure) 128M->121M(128M) 64.445ms
[1217.934s][info][gc] GC(190) Pause Young (Allocation Failure) 128M->123M(128M) 71.889ms
[1218.289s][info][gc] GC(191) Pause Young (Allocation Failure) 128M->125M(128M) 75.223ms
[1218.667s][info][gc] GC(192) Pause Young (Allocation Failure) 128M->126M(128M) 78.556ms
[1219.078s][info][gc] GC(193) Pause Full (Allocation Failure) 126M->110M(128M) 534.667ms
[1219.889s][info][gc] GC(194) Pause Young (Allocation Failure) 128M->116M(128M) 54.889ms
[1220.223s][info][gc] GC(195) Pause Young (Allocation Failure) 128M->120M(128M) 60.223ms
[1220.556s][info][gc] GC(196) Pause Young (Allocation Failure) 128M->122M(128M) 66.556ms
[1220.901s][info][gc] GC(197) Pause Young (Allocation Failure) 128M->124M(128M) 73.889ms
[1221.267s][info][gc] GC(198) Pause Young (Allocation Failure) 128M->126M(128M) 77.223ms
[1221.656s][info][gc] GC(199) Pause Young (Allocation Failure) 128M->127M(128M) 79.556ms
[1222.089s][info][gc] GC(200) Pause Full (Ergonomics) 127M->112M(128M) 558.334ms
[1222.923s][info][gc] GC(201) Pause Young (Allocation Failure) 128M->118M(128M) 57.778ms
[1223.256s][info][gc] GC(202) Pause Young (Allocation Failure) 128M->121M(128M) 63.112ms
[1223.589s][info][gc] GC(203) Pause Young (Allocation Failure) 128M->123M(128M) 69.445ms
[1223.934s][info][gc] GC(204) Pause Young (Allocation Failure) 128M->125M(128M) 75.889ms
[1224.301s][info][gc] GC(205) Pause Young (Allocation Failure) 128M->126M(128M) 78.223ms
[1224.689s][info][gc] GC(206) Pause Young (Allocation Failure) 128M->127M(128M) 79.667ms
[1225.112s][info][gc] GC(207) Pause Full (Allocation Failure) 127M->113M(128M) 575.889ms
[1225.967s][info][gc] GC(208) Pause Young (Allocation Failure) 128M->119M(128M) 59.223ms
[1226.301s][info][gc] GC(209) Pause Young (Allocation Failure) 128M->122M(128M) 65.556ms
[1226.634s][info][gc] GC(210) Pause Young (Allocation Failure) 128M->124M(128M) 71.889ms
[1226.989s][info][gc] GC(211) Pause Young (Allocation Failure) 128M->126M(128M) 76.223ms
[1227.367s][info][gc] GC(212) Pause Young (Allocation Failure) 128M->127M(128M) 78.556ms
[1227.778s][info][gc] GC(213) Pause Full (Ergonomics) 127M->114M(128M) 592.667ms
[1228.656s][info][gc] GC(214) Pause Young (Allocation Failure) 128M->120M(128M) 61.334ms
[1228.989s][info][gc] GC(215) Pause Young (Allocation Failure) 128M->123M(128M) 67.778ms
[1229.334s][info][gc] GC(216) Pause Young (Allocation Failure) 128M->125M(128M) 73.112ms
[1229.701s][info][gc] GC(217) Pause Young (Allocation Failure) 128M->126M(128M) 77.445ms
[1230.089s][info][gc] GC(218) Pause Young (Allocation Failure) 128M->127M(128M) 79.889ms
[1230.512s][info][gc] GC(219) Pause Full (Allocation Failure) 127M->115M(128M) 604.223ms
[1231.401s][info][gc] GC(220) Pause Young (Allocation Failure) 128M->121M(128M) 63.556ms
[1231.734s][info][gc] GC(221) Pause Young (Allocation Failure) 128M->124M(128M) 69.889ms
[1232.089s][info][gc] GC(222) Pause Young (Allocation Failure) 128M->126M(128M) 75.223ms
[1232.467s][info][gc] GC(223) Pause Young (Allocation Failure) 128M->127M(128M) 78.556ms
[1232.878s][info][gc] GC(224) Pause Young (Allocation Failure) 128M->127M(128M) 79.889ms
[1233.312s][info][gc] GC(225) Pause Full (Ergonomics) 127M->116M(128M) 587.334ms
[1234.178s][info][gc] GC(226) Pause Young (Allocation Failure) 128M->122M(128M) 65.667ms
[1234.512s][info][gc] GC(227) Pause Young (Allocation Failure) 128M->125M(128M) 71.112ms
[1234.867s][info][gc] GC(228) Pause Young (Allocation Failure) 128M->126M(128M) 76.445ms
[1235.245s][info][gc] GC(229) Pause Young (Allocation Failure) 128M->127M(128M) 78.889ms
[1235.656s][info][gc] GC(230) Pause Young (Allocation Failure) 128M->127M(128M) 79.223ms
[1236.089s][info][gc] GC(231) Pause Full (Allocation Failure) 127M->117M(128M) 594.556ms
[1236.967s][info][gc] GC(232) Pause Young (Allocation Failure) 128M->123M(128M) 67.889ms
[1237.312s][info][gc] GC(233) Pause Young (Allocation Failure) 128M->125M(128M) 73.223ms
[1237.678s][info][gc] GC(234) Pause Young (Allocation Failure) 128M->126M(128M) 77.556ms
[1238.067s][info][gc] GC(235) Pause Young (Allocation Failure) 128M->127M(128M) 79.667ms
[1238.489s][info][gc] GC(236) Pause Young (Allocation Failure) 128M->127M(128M) 79.889ms
[1238.934s][info][gc] GC(237) Pause Full (Ergonomics) 127M->118M(128M) 598.778ms
[1239.823s][info][gc] GC(238) Pause Young (Allocation Failure) 128M->124M(128M) 69.112ms
[1240.178s][info][gc] GC(239) Pause Young (Allocation Failure) 128M->126M(128M) 74.445ms
[1240.556s][info][gc] GC(240) Pause Young (Allocation Failure) 128M->127M(128M) 78.889ms
[1240.956s][info][gc] GC(241) Pause Young (Allocation Failure) 128M->127M(128M) 79.223ms
[1241.389s][info][gc] GC(242) Pause Young (Allocation Failure) 128M->127M(128M) 79.556ms
[1241.845s][info][gc] GC(243) Pause Full (Allocation Failure) 127M->119M(128M) 601.889ms
[1242.745s][info][gc] GC(244) Pause Young (Allocation Failure) 128M->125M(128M) 71.334ms
[1243.112s][info][gc] GC(245) Pause Young (Allocation Failure) 128M->126M(128M) 76.778ms
[1243.501s][info][gc] GC(246) Pause Young (Allocation Failure) 128M->127M(128M) 79.112ms
[1243.912s][info][gc] GC(247) Pause Young (Allocation Failure) 128M->127M(128M) 79.445ms
[1244.356s][info][gc] GC(248) Pause Young (Allocation Failure) 128M->127M(128M) 79.889ms
[1244.823s][info][gc] GC(249) Pause Full (Ergonomics) 127M->120M(128M) 603.223ms
[1245.734s][info][gc] GC(250) Pause Young (Allocation Failure) 128M->126M(128M) 73.556ms
[1246.112s][info][gc] GC(251) Pause Young (Allocation Failure) 128M->127M(128M) 78.112ms
[1246.512s][info][gc] GC(252) Pause Young (Allocation Failure) 128M->127M(128M) 79.445ms
[1246.934s][info][gc] GC(253) Pause Young (Allocation Failure) 128M->127M(128M) 79.667ms
[1247.389s][info][gc] GC(254) Pause Young (Allocation Failure) 128M->127M(128M) 79.889ms
[1247.867s][info][gc] GC(255) Pause Full (Allocation Failure) 127M->121M(128M) 605.556ms
[1248.789s][info][gc] GC(256) Pause Young (Allocation Failure) 128M->127M(128M) 75.778ms
[1249.178s][info][gc] GC(257) Pause Young (Allocation Failure) 128M->127M(128M) 78.445ms
[1249.589s][info][gc] GC(258) Pause Young (Allocation Failure) 128M->127M(128M) 79.556ms
[1250.023s][info][gc] GC(259) Pause Young (Allocation Failure) 128M->127M(128M) 79.889ms
[1250.489s][info][gc] GC(260) Pause Young (Allocation Failure) 128M->127M(128M) 79.889ms
[1250.978s][info][gc] GC(261) Pause Full (Ergonomics) 127M->121M(128M) 606.667ms
[1251.912s][info][gc] GC(262) Pause Young (Allocation Failure) 128M->127M(128M) 77.223ms
[1252.312s][info][gc] GC(263) Pause Young (Allocation Failure) 128M->127M(128M) 78.889ms
[1252.734s][info][gc] GC(264) Pause Young (Allocation Failure) 128M->127M(128M) 79.667ms
[1253.178s][info][gc] GC(265) Pause Young (Allocation Failure) 128M->127M(128M) 79.889ms
[1253.656s][info][gc] GC(266) Pause Young (Allocation Failure) 128M->127M(128M) 79.889ms
[1254.156s][info][gc] GC(267) Pause Full (Allocation Failure) 127M->122M(128M) 607.778ms
[1255.101s][info][gc] GC(268) Pause Young (Allocation Failure) 128M->127M(128M) 78.556ms
[1255.512s][info][gc] GC(269) Pause Young (Allocation Failure) 128M->127M(128M) 79.223ms
[1255.945s][info][gc] GC(270) Pause Young (Allocation Failure) 128M->127M(128M) 79.778ms
[1256.401s][info][gc] GC(271) Pause Young (Allocation Failure) 128M->127M(128M) 79.889ms
[1256.889s][info][gc] GC(272) Pause Young (Allocation Failure) 128M->127M(128M) 79.889ms
[1257.401s][info][gc] GC(273) Pause Full (Ergonomics) 127M->122M(128M) 608.334ms
[1258.356s][info][gc] GC(274) Pause Young (Allocation Failure) 128M->127M(128M) 79.112ms
[1258.778s][info][gc] GC(275) Pause Young (Allocation Failure) 128M->127M(128M) 79.556ms
[1259.223s][info][gc] GC(276) Pause Young (Allocation Failure) 128M->127M(128M) 79.889ms
[1259.689s][info][gc] GC(277) Pause Young (Allocation Failure) 128M->127M(128M) 79.889ms
[1260.189s][info][gc] GC(278) Pause Young (Allocation Failure) 128M->127M(128M) 79.889ms
[1260.712s][info][gc] GC(279) Pause Full (Allocation Failure) 127M->123M(128M) 609.445ms
[1261.689s][info][gc] GC(280) Pause Young (Allocation Failure) 128M->127M(128M) 79.445ms
[1262.123s][info][gc] GC(281) Pause Young (Allocation Failure) 128M->127M(128M) 79.778ms
[1262.578s][info][gc] GC(282) Pause Young (Allocation Failure) 128M->127M(128M) 79.889ms
[1263.056s][info][gc] GC(283) Pause Young (Allocation Failure) 128M->127M(128M) 79.889ms
[1263.567s][info][gc] GC(284) Pause Young (Allocation Failure) 128M->127M(128M) 79.889ms