[0.102s][info][gc] GC(0) Pause Young (Allocation Failure) 32M->12M(512M) 18.456ms
[0.156s][info][gc] GC(1) Pause Young (Allocation Failure) 44M->18M(512M) 22.134ms
[0.223s][info][gc] GC(2) Pause Young (Allocation Failure) 50M->24M(512M) 25.678ms
[0.298s][info][gc] GC(3) Pause Young (Allocation Failure) 56M->32M(512M) 31.245ms
[0.387s][info][gc] GC(4) Pause Young (Allocation Failure) 64M->38M(512M) 28.934ms
[0.445s][info][gc] GC(5) Pause Young (Allocation Failure) 70M->45M(512M) 35.123ms
[0.523s][info][gc] GC(6) Pause Young (Allocation Failure) 77M->52M(512M) 42.567ms
[0.612s][info][gc] GC(7) Pause Young (Allocation Failure) 84M->61M(512M) 48.234ms
[0.701s][info][gc] GC(8) Pause Young (Allocation Failure) 93M->71M(512M) 55.789ms
[0.798s][info][gc] GC(9) Pause Young (Allocation Failure) 103M->82M(512M) 63.456ms
[0.923s][info][gc] GC(10) Pause Young (Allocation Failure) 114M->95M(512M) 71.234ms
[1.045s][info][gc] GC(11) Pause Young (Allocation Failure) 127M->108M(512M) 82.567ms
[1.189s][info][gc] GC(12) Pause Young (Allocation Failure) 140M->122M(512M) 94.123ms
[1.334s][info][gc] GC(13) Pause Young (Allocation Failure) 154M->138M(512M) 108.456ms
[1.501s][info][gc] GC(14) Pause Young (Allocation Failure) 170M->155M(512M) 125.789ms
[1.678s][info][gc] GC(15) Pause Young (Allocation Failure) 187M->172M(512M) 142.345ms
[1.867s][info][gc] GC(16) Pause Young (Allocation Failure) 204M->189M(512M) 156.234ms
[2.089s][info][gc] GC(17) Pause Full (Metadata GC Threshold) 189M->145M(512M) 456.789ms
[2.234s][info][gc] GC(18) Pause Young (Allocation Failure) 177M->158M(512M) 98.456ms
[2.389s][info][gc] GC(19) Pause Young (Allocation Failure) 190M->174M(512M) 112.345ms
[2.556s][info][gc] GC(20) Pause Young (Allocation Failure) 206M->191M(512M) 128.567ms
[2.734s][info][gc] GC(21) Pause Young (Allocation Failure) 223M->208M(512M) 145.234ms
[2.923s][info][gc] GC(22) Pause Young (Allocation Failure) 240M->226M(512M) 163.789ms
[3.134s][info][gc] GC(23) Pause Young (Allocation Failure) 258M->245M(512M) 178.456ms
[3.367s][info][gc] GC(24) Pause Young (Allocation Failure) 277M->264M(512M) 192.123ms
[3.678s][info][gc] GC(25) Pause Full (Ergonomics) 264M->198M(512M) 534.567ms
[3.845s][info][gc] GC(26) Pause Young (Allocation Failure) 230M->212M(512M) 102.345ms
[4.012s][info][gc] GC(27) Pause Young (Allocation Failure) 244M->228M(512M) 115.678ms
[4.189s][info][gc] GC(28) Pause Young (Allocation Failure) 260M->245M(512M) 132.234ms
[4.378s][info][gc] GC(29) Pause Young (Allocation Failure) 277M->263M(512M) 148.567ms
[4.589s][info][gc] GC(30) Pause Young (Allocation Failure) 295M->281M(512M) 167.890ms
[4.812s][info][gc] GC(31) Pause Young (Allocation Failure) 313M->299M(512M) 183.456ms
[5.067s][info][gc] GC(32) Pause Young (Allocation Failure) 331M->318M(512M) 198.234ms
[5.398s][info][gc] GC(33) Pause Full (Allocation Failure) 318M->242M(512M) 623.789ms
[5.578s][info][gc] GC(34) Pause Young (Allocation Failure) 274M->256M(512M) 108.567ms
[5.756s][info][gc] GC(35) Pause Young (Allocation Failure) 288M->271M(512M) 121.345ms
[5.945s][info][gc] GC(36) Pause Young (Allocation Failure) 303M->287M(512M) 136.234ms
[6.145s][info][gc] GC(37) Pause Young (Allocation Failure) 319M->304M(512M) 152.678ms
[6.367s][info][gc] GC(38) Pause Young (Allocation Failure) 336M->322M(512M) 171.234ms
[6.612s][info][gc] GC(39) Pause Young (Allocation Failure) 354M->340M(512M) 187.567ms
[6.889s][info][gc] GC(40) Pause Young (Allocation Failure) 372M->358M(512M) 201.345ms
[7.234s][info][gc] GC(41) Pause Full (Ergonomics) 358M->276M(512M) 698.456ms
[7.423s][info][gc] GC(42) Pause Young (Allocation Failure) 308M->289M(512M) 95.234ms
[7.612s][info][gc] GC(43) Pause Young (Allocation Failure) 321M->303M(512M) 106.789ms
[7.801s][info][gc] GC(44) Pause Young (Allocation Failure) 335M->318M(512M) 118.456ms
[7.998s][info][gc] GC(45) Pause Young (Allocation Failure) 350M->333M(512M) 132.567ms
[8.212s][info][gc] GC(46) Pause Young (Allocation Failure) 365M->349M(512M) 148.234ms
[8.445s][info][gc] GC(47) Pause Young (Allocation Failure) 381M->365M(512M) 163.789ms
[8.734s][info][gc] GC(48) Pause Full (System.gc()) 365M->298M(512M) 578.345ms
[8.912s][info][gc] GC(49) Pause Young (Allocation Failure) 330M->311M(512M) 89.567ms
[9.089s][info][gc] GC(50) Pause Young (Allocation Failure) 343M->324M(512M) 98.234ms
[9.267s][info][gc] GC(51) Pause Young (Allocation Failure) 356M->338M(512M) 108.678ms
[9.456s][info][gc] GC(52) Pause Young (Allocation Failure) 370M->352M(512M) 121.345ms
[9.656s][info][gc] GC(53) Pause Young (Allocation Failure) 384M->367M(512M) 135.234ms
[9.878s][info][gc] GC(54) Pause Young (Allocation Failure) 399M->382M(512M) 148.567ms
[10.112s][info][gc] GC(55) Pause Young (Allocation Failure) 414M->396M(512M) 162.789ms
[10.367s][info][gc] GC(56) Pause Young (Allocation Failure) 428M->409M(512M) 173.456ms
[10.645s][info][gc] GC(57) Pause Young (Allocation Failure) 441M->421M(512M) 182.234ms
[10.934s][info][gc] GC(58) Pause Young (Allocation Failure) 453M->432M(512M) 188.567ms
[11.234s][info][gc] GC(59) Pause Young (Allocation Failure) 464M->442M(512M) 192.345ms
[11.545s][info][gc] GC(60) Pause Young (Allocation Failure) 474M->451M(512M) 194.678ms
[11.867s][info][gc] GC(61) Pause Young (Allocation Failure) 483M->459M(512M) 196.234ms
[12.198s][info][gc] GC(62) Pause Young (Allocation Failure) 491M->466M(512M) 197.567ms
[12.545s][info][gc] GC(63) Pause Young (Allocation Failure) 498M->472M(512M) 198.123ms
[12.912s][info][gc] GC(64) Pause Young (Allocation Failure) 504M->477M(512M) 197.890ms
[13.289s][info][gc] GC(65) Pause Young (Allocation Failure) 509M->481M(512M) 196.456ms
[13.678s][info][gc] GC(66) Pause Young (Allocation Failure) 513M->484M(512M) 194.234ms
[14.078s][info][gc] GC(67) Pause Young (Allocation Failure) 516M->487M(512M) 191.567ms
[14.489s][info][gc] GC(68) Pause Young (Allocation Failure) 519M->489M(512M) 188.345ms
[14.912s][info][gc] GC(69) Pause Young (Allocation Failure) 521M->491M(512M) 184.678ms
[15.345s][info][gc] GC(70) Pause Young (Allocation Failure) 523M->492M(512M) 180.234ms
[15.789s][info][gc] GC(71) Pause Young (Allocation Failure) 524M->493M(512M) 175.567ms
[16.245s][info][gc] GC(72) Pause Young (Allocation Failure) 525M->494M(512M) 170.123ms
[16.712s][info][gc] GC(73) Pause Young (Allocation Failure) 526M->495M(512M) 164.890ms
[17.189s][info][gc] GC(74) Pause Young (Allocation Failure) 527M->496M(512M) 158.456ms
[17.678s][info][gc] GC(75) Pause Young (Allocation Failure) 528M->496M(512M) 152.234ms
[18.178s][info][gc] GC(76) Pause Young (Allocation Failure) 528M->497M(512M) 145.678ms
[18.689s][info][gc] GC(77) Pause Young (Allocation Failure) 529M->497M(512M) 138.567ms
[19.212s][info][gc] GC(78) Pause Young (Allocation Failure) 529M->498M(512M) 131.345ms
[19.745s][info][gc] GC(79) Pause Young (Allocation Failure) 530M->498M(512M) 123.234ms
[20.289s][info][gc] GC(80) Pause Young (Allocation Failure) 530M->499M(512M) 114.890ms
[20.845s][info][gc] GC(81) Pause Young (Allocation Failure) 531M->499M(512M) 106.456ms
[21.412s][info][gc] GC(82) Pause Young (Allocation Failure) 531M->499M(512M) 97.234ms
[21.989s][info][gc] GC(83) Pause Young (Allocation Failure) 531M->500M(512M) 87.567ms
[22.578s][info][gc] GC(84) Pause Young (Allocation Failure) 532M->500M(512M) 77.890ms
[23.178s][info][gc] GC(85) Pause Young (Allocation Failure) 532M->500M(512M) 68.234ms
[23.789s][info][gc] GC(86) Pause Young (Allocation Failure) 532M->501M(512M) 58.567ms
[24.412s][info][gc] GC(87) Pause Young (Allocation Failure) 533M->501M(512M) 52.345ms
[25.045s][info][gc] GC(88) Pause Young (Allocation Failure) 533M->501M(512M) 48.123ms
[25.689s][info][gc] GC(89) Pause Young (Allocation Failure) 533M->502M(512M) 45.678ms
[26.345s][info][gc] GC(90) Pause Young (Allocation Failure) 534M->502M(512M) 43.234ms
[27.012s][info][gc] GC(91) Pause Young (Allocation Failure) 534M->502M(512M) 41.567ms
[27.689s][info][gc] GC(92) Pause Young (Allocation Failure) 534M->503M(512M) 39.890ms
[28.378s][info][gc] GC(93) Pause Young (Allocation Failure) 535M->503M(512M) 38.456ms
[29.078s][info][gc] GC(94) Pause Young (Allocation Failure) 535M->503M(512M) 37.234ms
[29.789s][info][gc] GC(95) Pause Young (Allocation Failure) 535M->503M(512M) 36.567ms