2024-01-15T08:15:23.456+0000: 0.234: [GC (Allocation Failure) [PSYoungGen: 524288K->43210K(614400K)] 524288K->312456K(2018560K), 0.0234567 secs] [Times: user=0.02 sys=0.00, real=0.02 secs]
2024-01-15T08:28:45.123+0000: 793.567: [GC (Allocation Failure) [PSYoungGen: 567498K->38912K(614400K)] 836744K->356789K(2018560K), 0.0289123 secs] [Times: user=0.03 sys=0.00, real=0.03 secs]
2024-01-15T08:45:12.789+0000: 1782.123: [GC (Allocation Failure) [PSYoungGen: 563200K->41234K(614400K)] 881077K->398765K(2018560K), 0.0312456 secs] [Times: user=0.03 sys=0.00, real=0.03 secs]
2024-01-15T09:12:34.567+0000: 3423.901: [GC (Allocation Failure) [PSYoungGen: 565522K->39876K(614400K)] 923053K->445621K(2018560K), 0.0456789 secs] [Times: user=0.04 sys=0.01, real=0.05 secs]
2024-01-15T09:34:56.234+0000: 4765.568: [GC (Allocation Failure) [PSYoungGen: 564164K->42109K(614400K)] 969909K->487234K(2018560K), 0.0389012 secs] [Times: user=0.04 sys=0.00, real=0.04 secs]
2024-01-15T09:58:23.890+0000: 6172.224: [GC (Allocation Failure) [PSYoungGen: 566397K->44567K(614400K)] 1011522K->534678K(2018560K), 0.0423456 secs] [Times: user=0.04 sys=0.01, real=0.04 secs]
2024-01-15T10:23:45.678+0000: 7694.012: [GC (Allocation Failure) [PSYoungGen: 568855K->46234K(614400K)] 1058966K->589123K(2018560K), 0.0512345 secs] [Times: user=0.05 sys=0.01, real=0.05 secs]
2024-01-15T10:45:12.345+0000: 8981.679: [GC (Allocation Failure) [PSYoungGen: 570522K->48901K(614400K)] 1113411K->645678K(2018560K), 0.0587654 secs] [Times: user=0.06 sys=0.01, real=0.06 secs]
2024-01-15T11:08:34.567+0000: 10383.901: [GC (Allocation Failure) [PSYoungGen: 573189K->51234K(614400K)] 1169966K->698765K(2018560K), 0.0678901 secs] [Times: user=0.06 sys=0.01, real=0.07 secs]
2024-01-15T11:32:56.789+0000: 11845.123: [GC (Allocation Failure) [PSYoungGen: 575522K->53678K(614400K)] 1223053K->756234K(2018560K), 0.0789012 secs] [Times: user=0.07 sys=0.01, real=0.08 secs]
2024-01-15T11:56:23.456+0000: 13252.790: [GC (Allocation Failure) [PSYoungGen: 577966K->56123K(614400K)] 1280522K->812345K(2018560K), 0.0856789 secs] [Times: user=0.08 sys=0.01, real=0.09 secs]
2024-01-15T12:18:45.123+0000: 14594.457: [GC (Allocation Failure) [PSYoungGen: 580411K->58901K(614400K)] 1336633K->873456K(2018560K), 0.0923456 secs] [Times: user=0.09 sys=0.01, real=0.09 secs]
2024-01-15T12:42:12.890+0000: 15001.224: [GC (Allocation Failure) [PSYoungGen: 583189K->61234K(614400K)] 1397744K->934567K(2018560K), 0.1012345 secs] [Times: user=0.10 sys=0.01, real=0.10 secs]
2024-01-15T13:05:34.567+0000: 17403.901: [GC (Allocation Failure) [PSYoungGen: 585522K->64123K(614400K)] 1458855K->998765K(2018560K), 0.1123456 secs] [Times: user=0.11 sys=0.01, real=0.11 secs]
2024-01-15T13:28:56.234+0000: 18765.568: [GC (Allocation Failure) [PSYoungGen: 588411K->67234K(614400K)] 1523053K->1067890K(2018560K), 0.1234567 secs] [Times: user=0.12 sys=0.02, real=0.12 secs]
2024-01-15T13:52:23.901+0000: 20172.235: [GC (Allocation Failure) [PSYoungGen: 591522K->71234K(614400K)] 1592178K->1145678K(2018560K), 0.1345678 secs] [Times: user=0.13 sys=0.02, real=0.13 secs]
2024-01-15T14:15:45.678+0000: 21514.012: [GC (Allocation Failure) [PSYoungGen: 595522K->76234K(614400K)] 1669966K->1234567K(2018560K), 0.1456789 secs] [Times: user=0.14 sys=0.02, real=0.15 secs]
2024-01-15T14:38:12.345+0000: 22861.679: [GC (Allocation Failure) [PSYoungGen: 600522K->82345K(614400K)] 1758855K->1323456K(2018560K), 0.1589012 secs] [Times: user=0.15 sys=0.02, real=0.16 secs]
2024-01-15T15:01:34.567+0000: 24263.901: [GC (Allocation Failure) [PSYoungGen: 606633K->89012K(614400K)] 1847744K->1412345K(2018560K), 0.1712345 secs] [Times: user=0.17 sys=0.02, real=0.17 secs]
2024-01-15T15:24:56.789+0000: 25625.123: [GC (Allocation Failure) [PSYoungGen: 613300K->95678K(614400K)] 1936633K->1501234K(2018560K), 0.1845678 secs] [Times: user=0.18 sys=0.02, real=0.18 secs]
2024-01-15T15:47:23.456+0000: 27032.790: [GC (Allocation Failure) [PSYoungGen: 619966K->103456K(614400K)] 2025522K->1598765K(2018560K), 0.1989012 secs] [Times: user=0.19 sys=0.02, real=0.20 secs]
2024-01-15T16:09:45.123+0000: 28374.457: [GC (Allocation Failure) [PSYoungGen: 627744K->112345K(614400K)] 2123053K->1689012K(2018560K), 0.2123456 secs] [Times: user=0.21 sys=0.02, real=0.21 secs]
2024-01-15T16:31:12.890+0000: 29781.224: [GC (Allocation Failure) [PSYoungGen: 636633K->123456K(614400K)] 2213300K->1778899K(2018560K), 0.2289012 secs] [Times: user=0.22 sys=0.03, real=0.23 secs]
2024-01-15T16:52:34.567+0000: 31143.901: [Full GC (Ergonomics) [PSYoungGen: 636633K->0K(614400K)] [ParOldGen: 1155266K->1245678K(1404160K)] 1791899K->1245678K(2018560K), 2.8765432 secs] [Times: user=2.85 sys=0.03, real=2.88 secs]
2024-01-15T16:54:56.234+0000: 31285.568: [GC (Allocation Failure) [PSYoungGen: 524288K->87654K(614400K)] 1769966K->1333332K(2018560K), 0.2434567 secs] [Times: user=0.24 sys=0.03, real=0.24 secs]
2024-01-15T16:57:23.901+0000: 31433.235: [GC (Allocation Failure) [PSYoungGen: 611942K->98765K(614400K)] 1857620K->1423443K(2018560K), 0.2567890 secs] [Times: user=0.25 sys=0.03, real=0.26 secs]
2024-01-15T16:59:45.678+0000: 31575.012: [GC (Allocation Failure) [PSYoungGen: 623053K->112233K(614400K)] 1947731K->1524911K(2018560K), 0.2712345 secs] [Times: user=0.27 sys=0.03, real=0.27 secs]
2024-01-15T17:02:12.345+0000: 31721.679: [GC (Allocation Failure) [PSYoungGen: 636521K->126789K(614400K)] 2049199K->1627467K(2018560K), 0.2867890 secs] [Times: user=0.28 sys=0.03, real=0.29 secs]
2024-01-15T17:04:34.567+0000: 31863.901: [GC (Allocation Failure) [PSYoungGen: 651077K->143210K(614400K)] 2151755K->1731888K(2018560K), 0.3023456 secs] [Times: user=0.30 sys=0.03, real=0.30 secs]
2024-01-15T17:06:56.789+0000: 32006.123: [GC (Allocation Failure) [PSYoungGen: 667498K->158901K(614400K)] 2256176K->1835579K(2018560K), 0.3189012 secs] [Times: user=0.31 sys=0.03, real=0.32 secs]
2024-01-15T17:09:23.456+0000: 32152.790: [Full GC (Ergonomics) [PSYoungGen: 667498K->0K(614400K)] [ParOldGen: 1676678K->1298765K(1404160K)] 2344176K->1298765K(2018560K), 3.1234567 secs] [Times: user=3.10 sys=0.03, real=3.12 secs]
2024-01-15T17:11:45.123+0000: 32294.457: [GC (Allocation Failure) [PSYoungGen: 524288K->89012K(614400K)] 1823053K->1387777K(2018560K), 0.2545678 secs] [Times: user=0.25 sys=0.03, real=0.25 secs]
2024-01-15T17:13:12.890+0000: 32382.224: [GC (Allocation Failure) [PSYoungGen: 613300K->101234K(614400K)] 1911065K->1479999K(2018560K), 0.2678901 secs] [Times: user=0.26 sys=0.03, real=0.27 secs]
2024-01-15T17:14:45.678+0000: 32474.012: [GC (Allocation Failure) [PSYoungGen: 625522K->115678K(614400K)] 2004287K->1584443K(2018560K), 0.2834567 secs] [Times: user=0.28 sys=0.03, real=0.28 secs]
2024-01-15T17:16:12.345+0000: 32561.679: [GC (Allocation Failure) [PSYoungGen: 639966K->132109K(614400K)] 2108731K->1690874K(2018560K), 0.2989012 secs] [Times: user=0.29 sys=0.03, real=0.30 secs]
2024-01-15T17:17:34.567+0000: 32643.901: [GC (Allocation Failure) [PSYoungGen: 656397K->149876K(614400K)] 2215162K->1798641K(2018560K), 0.3156789 secs] [Times: user=0.31 sys=0.03, real=0.32 secs]
2024-01-15T17:18:56.789+0000: 32726.123: [Full GC (Ergonomics) [PSYoungGen: 656397K->0K(614400K)] [ParOldGen: 1648765K->1312456K(1404160K)] 2305162K->1312456K(2018560K), 3.2345678 secs] [Times: user=3.21 sys=0.03, real=3.23 secs]
2024-01-15T17:20:23.456+0000: 32812.790: [GC (Allocation Failure) [PSYoungGen: 524288K->90123K(614400K)] 1836744K->1402579K(2018560K), 0.2612345 secs] [Times: user=0.26 sys=0.03, real=0.26 secs]
2024-01-15T17:21:45.123+0000: 32894.457: [GC (Allocation Failure) [PSYoungGen: 614411K->104567K(614400K)] 1926867K->1497023K(2018560K), 0.2756789 secs] [Times: user=0.27 sys=0.03, real=0.28 secs]
2024-01-15T17:23:12.890+0000: 32982.224: [GC (Allocation Failure) [PSYoungGen: 628855K->121234K(614400K)] 2021311K->1603690K(2018560K), 0.2912345 secs] [Times: user=0.29 sys=0.03, real=0.29 secs]
2024-01-15T17:24:34.567+0000: 33063.901: [GC (Allocation Failure) [PSYoungGen: 645522K->139876K(614400K)] 2127978K->1712332K(2018560K), 0.3078901 secs] [Times: user=0.30 sys=0.03, real=0.31 secs]
2024-01-15T17:25:56.234+0000: 33145.568: [GC (Allocation Failure) [PSYoungGen: 664164K->158901K(614400K)] 2236620K->1821357K(2018560K), 0.3245678 secs] [Times: user=0.32 sys=0.03, real=0.32 secs]
2024-01-15T17:27:23.901+0000: 33233.235: [Full GC (Ergonomics) [PSYoungGen: 664164K->0K(614400K)] [ParOldGen: 1662456K->1325678K(1404160K)] 2326620K->1325678K(2018560K), 3.3456789 secs] [Times: user=3.32 sys=0.03, real=3.35 secs]
2024-01-15T17:28:45.678+0000: 33315.012: [GC (Allocation Failure) [PSYoungGen: 524288K->91234K(614400K)] 1849966K->1416912K(2018560K), 0.2678901 secs] [Times: user=0.26 sys=0.03, real=0.27 secs]
2024-01-15T17:30:12.345+0000: 33401.679: [GC (Allocation Failure) [PSYoungGen: 615522K->107890K(614400K)] 1941200K->1513568K(2018560K), 0.2834567 secs] [Times: user=0.28 sys=0.03, real=0.28 secs]
2024-01-15T17:31:34.012+0000: 33483.346: [GC (Allocation Failure) [PSYoungGen: 632178K->125678K(614400K)] 2037856K->1621356K(2018560K), 0.2989012 secs] [Times: user=0.29 sys=0.03, real=0.30 secs]
2024-01-15T17:32:56.789+0000: 33566.123: [GC (Allocation Failure) [PSYoungGen: 649966K->145234K(614400K)] 2145644K->1731912K(2018560K), 0.3167890 secs] [Times: user=0.31 sys=0.03, real=0.32 secs]
2024-01-15T17:34:23.456+0000: 33652.790: [GC (Allocation Failure) [PSYoungGen: 669522K->165678K(614400K)] 2256200K->1842356K(2018560K), 0.3345678 secs] [Times: user=0.33 sys=0.04, real=0.33 secs]
2024-01-15T17:35:45.123+0000: 33734.457: [Full GC (Ergonomics) [PSYoungGen: 669522K->0K(614400K)] [ParOldGen: 1676678K->1338901K(1404160K)] 2346200K->1338901K(2018560K), 3.4567890 secs] [Times: user=3.43 sys=0.03, real=3.46 secs]
2024-01-15T17:37:12.890+0000: 33822.224: [GC (Allocation Failure) [PSYoungGen: 524288K->92345K(614400K)] 1863189K->1431246K(2018560K), 0.2745678 secs] [Times: user=0.27 sys=0.03, real=0.27 secs]
2024-01-15T17:38:34.567+0000: 33903.901: [GC (Allocation Failure) [PSYoungGen: 616633K->110123K(614400K)] 1955534K->1529024K(2018560K), 0.2901234 secs] [Times: user=0.29 sys=0.03, real=0.29 secs]
2024-01-15T17:39:56.234+0000: 33985.568: [GC (Allocation Failure) [PSYoungGen: 634411K->129876K(614400K)] 2053312K->1638777K(2018560K), 0.3067890 secs] [Times: user=0.30 sys=0.03, real=0.31 secs]
2024-01-15T17:41:23.901+0000: 34073.235: [GC (Allocation Failure) [PSYoungGen: 654164K->151234K(614400K)] 2163065K->1750135K(2018560K), 0.3245678 secs] [Times: user=0.32 sys=0.04, real=0.32 secs]
2024-01-15T17:42:45.678+0000: 34154.012: [GC (Allocation Failure) [PSYoungGen: 675522K->173901K(614400K)] 2274423K->1862802K(2018560K), 0.3434567 secs] [Times: user=0.34 sys=0.04, real=0.34 secs]
2024-01-15T17:44:12.345+0000: 34241.679: [Full GC (Ergonomics) [PSYoungGen: 675522K->0K(614400K)] [ParOldGen: 1688901K->1352123K(1404160K)] 2364423K->1352123K(2018560K), 3.5678901 secs] [Times: user=3.54 sys=0.03, real=3.57 secs]
2024-01-15T17:45:34.012+0000: 34323.346: [GC (Allocation Failure) [PSYoungGen: 524288K->93456K(614400K)] 1876411K->1445579K(2018560K), 0.2812345 secs] [Times: user=0.28 sys=0.03, real=0.28 secs]
2024-01-15T17:46:56.789+0000: 34406.123: [GC (Allocation Failure) [PSYoungGen: 617744K->112345K(614400K)] 1969867K->1544468K(2018560K), 0.2978901 secs] [Times: user=0.29 sys=0.03, real=0.30 secs]
2024-01-15T17:48:23.456+0000: 34492.790: [GC (Allocation Failure) [PSYoungGen: 636633K->132789K(614400K)] 2068756K->1654912K(2018560K), 0.3156789 secs] [Times: user=0.31 sys=0.04, real=0.32 secs]
2024-01-15T17:49:45.123+0000: 34574.457: [GC (Allocation Failure) [PSYoungGen: 657077K->154321K(614400K)] 2179200K->1766444K(2018560K), 0.3334567 secs] [Times: user=0.33 sys=0.04, real=0.33 secs]
2024-01-15T17:51:12.890+0000: 34662.224: [GC (Allocation Failure) [PSYoungGen: 678609K->176890K(614400K)] 2290732K->1879013K(2018560K), 0.3523456 secs] [Times: user=0.35 sys=0.04, real=0.35 secs]
2024-01-15T17:52:34.567+0000: 34743.901: [Full GC (Ergonomics) [PSYoungGen: 678609K->0K(614400K)] [ParOldGen: 1702123K->1365345K(1404160K)] 2380732K->1365345K(2018560K), 3.6789012 secs] [Times: user=3.65 sys=0.03, real=3.68 secs]
2024-01-15T17:53:56.234+0000: 34825.568: [GC (Allocation Failure) [PSYoungGen: 524288K->94567K(614400K)] 1889633K->1459912K(2018560K), 0.2889012 secs] [Times: user=0.28 sys=0.03, real=0.29 secs]
2024-01-15T17:55:23.901+0000: 34913.235: [GC (Allocation Failure) [PSYoungGen: 618855K->114678K(614400K)] 1984200K->1560023K(2018560K), 0.3056789 secs] [Times: user=0.30 sys=0.03, real=0.31 secs]
2024-01-15T17:56:45.678+0000: 34994.012: [GC (Allocation Failure) [PSYoungGen: 638966K->136234K(614400K)] 2084311K->1671579K(2018560K), 0.3245678 secs] [Times: user=0.32 sys=0.04, real=0.32 secs]
2024-01-15T17:58:12.345+0000: 35081.679: [GC (Allocation Failure) [PSYoungGen: 660522K->159876K(614400K)] 2195867K->1785221K(2018560K), 0.3434567 secs] [Times: user=0.34 sys=0.04, real=0.34 secs]
2024-01-15T17:59:34.012+0000: 35163.346: [GC (Allocation Failure) [PSYoungGen: 684164K->184321K(614400K)] 2309509K->1899666K(2018560K), 0.3634567 secs] [Times: user=0.36 sys=0.04, real=0.36 secs]
2024-01-15T18:00:56.789+0000: 35246.123: [Full GC (Ergonomics) [PSYoungGen: 684164K->0K(614400K)] [ParOldGen: 1715345K->1378567K(1404160K)] 2399509K->1378567K(2018560K), 3.7890123 secs] [Times: user=3.76 sys=0.03, real=3.79 secs]
2024-01-15T18:02:23.456+0000: 35332.790: [GC (Allocation Failure) [PSYoungGen: 524288K->95678K(614400K)] 1902855K->1474245K(2018560K), 0.2956789 secs] [Times: user=0.29 sys=0.03, real=0.30 secs]
2024-01-15T18:03:45.123+0000: 35414.457: [GC (Allocation Failure) [PSYoungGen: 619966K->116890K(614400K)] 1998533K->1575457K(2018560K), 0.3134567 secs] [Times: user=0.31 sys=0.04, real=0.31 secs]
2024-01-15T18:05:12.890+0000: 35502.224: [GC (Allocation Failure) [PSYoungGen: 641178K->139876K(614400K)] 2099745K->1688443K(2018560K), 0.3323456 secs] [Times: user=0.33 sys=0.04, real=0.33 secs]
2024-01-15T18:06:34.567+0000: 35583.901: [GC (Allocation Failure) [PSYoungGen: 664164K->164321K(614400K)] 2212731K->1802888K(2018560K), 0.3523456 secs] [Times: user=0.35 sys=0.04, real=0.35 secs]
2024-01-15T18:07:56.234+0000: 35665.568: [GC (Allocation Failure) [PSYoungGen: 688609K->189876K(614400K)] 2327176K->1918443K(2018560K), 0.3734567 secs] [Times: user=0.37 sys=0.04, real=0.37 secs]
2024-01-15T18:09:23.901+0000: 35753.235: [Full GC (Ergonomics) [PSYoungGen: 688609K->0K(614400K)] [ParOldGen: 1728567K->1391789K(1404160K)] 2417176K->1391789K(2018560K), 3.9012345 secs] [Times: user=3.87 sys=0.04, real=3.90 secs]
2024-01-15T18:10:45.678+0000: 35835.012: [GC (Allocation Failure) [PSYoungGen: 524288K->96789K(614400K)] 1916077K->1488578K(2018560K), 0.3034567 secs] [Times: user=0.30 sys=0.03, real=0.30 secs]
2024-01-15T18:12:12.345+0000: 35921.679: [GC (Allocation Failure) [PSYoungGen: 621077K->119012K(614400K)] 2012866K->1590801K(2018560K), 0.3223456 secs] [Times: user=0.32 sys=0.04, real=0.32 secs]
2024-01-15T18:13:34.012+0000: 36003.346: [GC (Allocation Failure) [PSYoungGen: 643300K->143210K(614400K)] 2115089K->1705099K(2018560K), 0.3423456 secs] [Times: user=0.34 sys=0.04, real=0.34 secs]
2024-01-15T18:14:56.789+0000: 36086.123: [GC (Allocation Failure) [PSYoungGen: 667498K->168901K(614400K)] 2229387K->1820790K(2018560K), 0.3634567 secs] [Times: user=0.36 sys=0.04, real=0.36 secs]
2024-01-15T18:16:23.456+0000: 36172.790: [GC (Allocation Failure) [PSYoungGen: 693189K->195678K(614400K)] 2345078K->1937567K(2018560K), 0.3856789 secs] [Times: user=0.38 sys=0.04, real=0.39 secs]
2024-01-15T18:17:45.123+0000: 36254.457: [Full GC (Ergonomics) [PSYoungGen: 693189K->0K(614400K)] [ParOldGen: 1741789K->1405012K(1404160K)] 2434978K->1405012K(2018560K), 4.0123456 secs] [Times: user=3.98 sys=0.04, real=4.01 secs]
2024-01-15T18:19:12.890+0000: 36342.224: [GC (Allocation Failure) [PSYoungGen: 524288K->97890K(614400K)] 1929300K->1502902K(2018560K), 0.3112345 secs] [Times: user=0.31 sys=0.04, real=0.31 secs]
2024-01-15T18:20:34.567+0000: 36423.901: [GC (Allocation Failure) [PSYoungGen: 622178K->121234K(614400K)] 2027190K->1606246K(2018560K), 0.3312345 secs] [Times: user=0.33 sys=0.04, real=0.33 secs]
2024-01-15T18:21:56.234+0000: 36505.568: [GC (Allocation Failure) [PSYoungGen: 645522K->146789K(614400K)] 2130534K->1721801K(2018560K), 0.3523456 secs] [Times: user=0.35 sys=0.04, real=0.35 secs]
2024-01-15T18:23:23.901+0000: 36593.235: [GC (Allocation Failure) [PSYoungGen: 671077K->173901K(614400K)] 2246089K->1839013K(2018560K), 0.3745678 secs] [Times: user=0.37 sys=0.04, real=0.37 secs]
2024-01-15T18:24:45.678+0000: 36674.012: [GC (Allocation Failure) [PSYoungGen: 698189K->201234K(614400K)] 2363301K->1956346K(2018560K), 0.3978901 secs] [Times: user=0.39 sys=0.04, real=0.40 secs]
2024-01-15T18:26:12.345+0000: 36761.679: [Full GC (Ergonomics) [PSYoungGen: 698189K->0K(614400K)] [ParOldGen: 1755112K->1418234K(1404160K)] 2453301K->1418234K(2018560K), 4.1234567 secs] [Times: user=4.09 sys=0.04, real=4.12 secs]
2024-01-15T18:27:34.012+0000: 36843.346: [GC (Allocation Failure) [PSYoungGen: 524288K->99012K(614400K)] 1942522K->1517246K(2018560K), 0.3189012 secs] [Times: user=0.31 sys=0.04, real=0.32 secs]
2024-01-15T18:28:56.789+0000: 36926.123: [GC (Allocation Failure) [PSYoungGen: 623300K->123456K(614400K)] 2041534K->1621690K(2018560K), 0.3401234 secs] [Times: user=0.34 sys=0.04, real=0.34 secs]
2024-01-15T18:30:23.456+0000: 37012.790: [GC (Allocation Failure) [PSYoungGen: 647744K->150123K(614400K)] 2145978K->1738357K(2018560K), 0.3623456 secs] [Times: user=0.36 sys=0.04, real=0.36 secs]
2024-01-15T18:31:45.123+0000: 37094.457: [GC (Allocation Failure) [PSYoungGen: 674411K->178901K(614400K)] 2262645K->1857135K(2018560K), 0.3856789 secs] [Times: user=0.38 sys=0.04, real=0.39 secs]
2024-01-15T18:33:12.890+0000: 37182.224: [GC (Allocation Failure) [PSYoungGen: 703189K->208234K(614400K)] 2381423K->1976468K(2018560K), 0.4089012 secs] [Times: user=0.40 sys=0.04, real=0.41 secs]
2024-01-15T18:34:34.567+0000: 37263.901: [Full GC (Ergonomics) [PSYoungGen: 703189K->0K(614400K)] [ParOldGen: 1768234K->1431456K(1404160K)] 2471423K->1431456K(2018560K), 4.2345678 secs] [Times: user=4.20 sys=0.04, real=4.23 secs]